(root
 (finished okay 999)
 (socket1 closed True)
 (socket2 closed True)
 (finished okay 999)
 (socket1 closed True)
 (socket2 closed True)
 (finished okay 999)
 (socket1 closed True)
 (socket2 closed True)
 (finished okay 999)
 (socket1 closed True)
 (socket2 closed True)
 (finished okay 999)
 (socket1 closed True)
 (socket2 closed True)
 (finished okay 999)
 (socket1 closed True)
 (socket2 closed True)
 (finished okay 999)
 (socket1 closed True)
 (socket2 closed True)
 (finished okay 999)
 (socket1 closed True)
 (socket2 closed True)
 (finished okay 999)
 (socket1 closed True)
 (socket2 closed True)
 (finished okay 999)
 (socket1 closed True)
 (socket2 closed True))